// Jest Snapshot v1, https://goo.gl/fbAQLP

exports[`should render correctly 1`] = `
<Segment
  padded={true}
>
  <Header
    as="h3"
  >
    Foo
  </Header>
</Segment>
`;
