// Jest Snapshot v1, https://goo.gl/fbAQLP

exports[`should render correctly 1`] = `
<Page
  title={
    <FormattedMessage
      defaultMessage="Information about your node"
      id="dapp.status.title"
      values={Object {}}
    />
  }
>
  <inject-NodeHealth-with-nodeHealthStore />
  <SegmentGroup
    horizontal={true}
  >
    <inject-Mining-with-extraDataStore-gasFloorTargetStore-hashrateStore-latestBlockStore-minGasPriceStore />
    <InjectIntl(inject-Network-with-chainStore-enodeStore-netPeersStore-netPortStore-rpcSettingsStore) />
  </SegmentGroup>
  <inject-Peers-with-netPeersStore />
  <inject-Logs-with-devLogsLevelsStore-devLogsStore />
</Page>
`;
